
> check-sound-app@0.1.0 build
> next build

   Γû▓ Next.js 16.0.7 (Turbopack)

node.exe :  ΓÜá The 
"middleware" file 
convention is 
deprecated. Please 
use "proxy" 
instead. Learn 
more: https://nextjs
.org/docs/messages/m
iddleware-to-proxy
At C:\Program Files\
nodejs\npm.ps1:29 
char:3
+   & $NODE_EXE 
$NPM_CLI_JS $args
+   ~~~~~~~~~~~~~~~~
~~~~~~~~~~~~~
    + CategoryInfo  
            : NotS  
  pecified: ( ΓÜá   
  The "middl...l    
eware-to-proxy:    
String) [], Rem    
oteException
    + FullyQualifie 
   dErrorId : Nati  
  veCommandError
 
   Creating an optimized production build ...

> Build error 
occurred
Error: Turbopack 
build failed with 4 
errors:
./src/app/layout.tsx
:15:1
Module not found: 
Can't resolve '@/com
ponents/Navbar'
[0m [90m 13 
|[39m })[33m;[39m
 [90m 14 |[39m
[31m[1m>[22m[39m
[90m 15 |[39m 
[36mimport[39m 
[33mNavbar[39m 
[36mfrom[39m [32m
"@/components/Navbar
"[39m[33m;[39m
 [90m    |[39m [3
1m[1m^[22m[39m[3
1m[1m^[22m[39m[3
1m[1m^[22m[39m[3
1m[1m^[22m[39m[3
1m[1m^[22m[39m[3
1m[1m^[22m[39m[3
1m[1m^[22m[39m[3
1m[1m^[22m[39m[3
1m[1m^[22m[39m[3
1m[1m^[22m[39m[3
1m[1m^[22m[39m[3
1m[1m^[22m[39m[3
1m[1m^[22m[39m[3
1m[1m^[22m[39m[3
1m[1m^[22m[39m[3
1m[1m^[22m[39m[3
1m[1m^[22m[39m[3
1m[1m^[22m[39m[3
1m[1m^[22m[39m[3
1m[1m^[22m[39m[3
1m[1m^[22m[39m[3
1m[1m^[22m[39m[3
1m[1m^[22m[39m[3
1m[1m^[22m[39m[3
1m[1m^[22m[39m[3
1m[1m^[22m[39m[3
1m[1m^[22m[39m[3
1m[1m^[22m[39m[3
1m[1m^[22m[39m[3
1m[1m^[22m[39m[3
1m[1m^[22m[39m[3
1m[1m^[22m[39m[3
1m[1m^[22m[39m[3
1m[1m^[22m[39m[3
1m[1m^[22m[39m[3
1m[1m^[22m[39m[3
1m[1m^[22m[39m[3
1m[1m^[22m[39m[3
1m[1m^[22m[39m[3
1m[1m^[22m[39m[3
1m[1m^[22m[39m
 [90m 16 |[39m
 [90m 17 |[39m 
[36mexport[39m 
[36mconst[39m 
metadata[33m:[39m 
[33mMetadata[39m 
[33m=[39m {
 [90m 18 |[39m   
title[33m:[39m 
[32m"Check Sound - 
Equipment Rental"[3
9m[33m,[39m[0m

Import map: aliased 
to relative './src/c
omponents/Navbar' 
inside of [project]/


https://nextjs.org/d
ocs/messages/module-
not-found


./src/app/page.tsx:3
:1
Module not found: 
Can't resolve '@/com
ponents/ProductCard'
[0m [90m 1 |[39m 
[36mimport[39m 
[33mLink[39m 
[36mfrom[39m [32m
'next/link'[39m
 [90m 2 |[39m 
[36mimport[39m { 
[33mButton[39m } 
[36mfrom[39m [32m
'@/components/ui/but
ton'[39m
[31m[1m>[22m[39m
[90m 3 |[39m 
[36mimport[39m [3
3mProductCard[39m 
[36mfrom[39m [32m
'@/components/Produc
tCard'[39m
 [90m   |[39m [31
m[1m^[22m[39m[31
m[1m^[22m[39m[31
m[1m^[22m[39m[31
m[1m^[22m[39m[31
m[1m^[22m[39m[31
m[1m^[22m[39m[31
m[1m^[22m[39m[31
m[1m^[22m[39m[31
m[1m^[22m[39m[31
m[1m^[22m[39m[31
m[1m^[22m[39m[31
m[1m^[22m[39m[31
m[1m^[22m[39m[31
m[1m^[22m[39m[31
m[1m^[22m[39m[31
m[1m^[22m[39m[31
m[1m^[22m[39m[31
m[1m^[22m[39m[31
m[1m^[22m[39m[31
m[1m^[22m[39m[31
m[1m^[22m[39m[31
m[1m^[22m[39m[31
m[1m^[22m[39m[31
m[1m^[22m[39m[31
m[1m^[22m[39m[31
m[1m^[22m[39m[31
m[1m^[22m[39m[31
m[1m^[22m[39m[31
m[1m^[22m[39m[31
m[1m^[22m[39m[31
m[1m^[22m[39m[31
m[1m^[22m[39m[31
m[1m^[22m[39m[31
m[1m^[22m[39m[31
m[1m^[22m[39m[31
m[1m^[22m[39m[31
m[1m^[22m[39m[31
m[1m^[22m[39m[31
m[1m^[22m[39m[31
m[1m^[22m[39m[31
m[1m^[22m[39m[31
m[1m^[22m[39m[31
m[1m^[22m[39m[31
m[1m^[22m[39m[31
m[1m^[22m[39m[31
m[1m^[22m[39m[31
m[1m^[22m[39m[31
m[1m^[22m[39m[31
m[1m^[22m[39m[31
m[1m^[22m[39m
 [90m 4 |[39m
 [90m 5 |[39m 
[90m// Dummy 
Data[39m
 [90m 6 |[39m 
[36mconst[39m 
[33mPRODUCTS[39m 
[33m=[39m [[0m

Import map: aliased 
to relative './src/c
omponents/ProductCar
d' inside of 
[project]/


https://nextjs.org/d
ocs/messages/module-
not-found


./src/app/login/page
.tsx:5:1
Module not found: 
Can't resolve '@/uti
ls/supabase/client'
[0m [90m 3 |[39m 
[36mimport[39m { 
useState } 
[36mfrom[39m 
[32m'react'[39m
 [90m 4 |[39m 
[36mimport[39m { 
useRouter } 
[36mfrom[39m [32m
'next/navigation'[3
9m
[31m[1m>[22m[39m
[90m 5 |[39m 
[36mimport[39m { 
createClient } 
[36mfrom[39m [32m
'@/utils/supabase/cl
ient'[39m
 [90m   |[39m [31
m[1m^[22m[39m[31
m[1m^[22m[39m[31
m[1m^[22m[39m[31
m[1m^[22m[39m[31
m[1m^[22m[39m[31
m[1m^[22m[39m[31
m[1m^[22m[39m[31
m[1m^[22m[39m[31
m[1m^[22m[39m[31
m[1m^[22m[39m[31
m[1m^[22m[39m[31
m[1m^[22m[39m[31
m[1m^[22m[39m[31
m[1m^[22m[39m[31
m[1m^[22m[39m[31
m[1m^[22m[39m[31
m[1m^[22m[39m[31
m[1m^[22m[39m[31
m[1m^[22m[39m[31
m[1m^[22m[39m[31
m[1m^[22m[39m[31
m[1m^[22m[39m[31
m[1m^[22m[39m[31
m[1m^[22m[39m[31
m[1m^[22m[39m[31
m[1m^[22m[39m[31
m[1m^[22m[39m[31
m[1m^[22m[39m[31
m[1m^[22m[39m[31
m[1m^[22m[39m[31
m[1m^[22m[39m[31
m[1m^[22m[39m[31
m[1m^[22m[39m[31
m[1m^[22m[39m[31
m[1m^[22m[39m[31
m[1m^[22m[39m[31
m[1m^[22m[39m[31
m[1m^[22m[39m[31
m[1m^[22m[39m[31
m[1m^[22m[39m[31
m[1m^[22m[39m[31
m[1m^[22m[39m[31
m[1m^[22m[39m[31
m[1m^[22m[39m[31
m[1m^[22m[39m[31
m[1m^[22m[39m[31
m[1m^[22m[39m[31
m[1m^[22m[39m[31
m[1m^[22m[39m[31
m[1m^[22m[39m[31
m[1m^[22m[39m[31
m[1m^[22m[39m[31
m[1m^[22m[39m[31
m[1m^[22m[39m
 [90m 6 |[39m 
[36mimport[39m { 
[33mButton[39m } 
[36mfrom[39m [32m
'@/components/ui/but
ton'[39m
 [90m 7 |[39m 
[36mimport[39m { 
[33mInput[39m } 
[36mfrom[39m [32m
'@/components/ui/inp
ut'[39m
 [90m 8 |[39m 
[36mimport[39m { 
[33mCard[39m[33m,
[39m [33mCardConten
t[39m[33m,[39m [
33mCardHeader[39m[
33m,[39m [33mCardT
itle[39m[33m,[39m
 [33mCardDescriptio
n[39m[33m,[39m [
33mCardFooter[39m 
} [36mfrom[39m [3
2m'@/components/ui/c
ard'[39m[0m

Import map: aliased 
to relative './src/u
tils/supabase/client
' inside of 
[project]/


Import traces:
  Client Component 
Browser:
    ./src/app/login/
page.tsx [Client 
Component Browser]
    ./src/app/login/
page.tsx [Server 
Component]

  Client Component 
SSR:
    ./src/app/login/
page.tsx [Client 
Component SSR]
    ./src/app/login/
page.tsx [Server 
Component]

https://nextjs.org/d
ocs/messages/module-
not-found


./src/middleware.ts:
2:1
Module not found: 
Can't resolve '@/uti
ls/supabase/middlewa
re'
[0m [90m 1 |[39m 
[36mimport[39m { 
type [33mNextReques
t[39m } 
[36mfrom[39m [32m
'next/server'[39m
[31m[1m>[22m[39m
[90m 2 |[39m 
[36mimport[39m { 
updateSession } 
[36mfrom[39m [32m
'@/utils/supabase/mi
ddleware'[39m
 [90m   |[39m [31
m[1m^[22m[39m[31
m[1m^[22m[39m[31
m[1m^[22m[39m[31
m[1m^[22m[39m[31
m[1m^[22m[39m[31
m[1m^[22m[39m[31
m[1m^[22m[39m[31
m[1m^[22m[39m[31
m[1m^[22m[39m[31
m[1m^[22m[39m[31
m[1m^[22m[39m[31
m[1m^[22m[39m[31
m[1m^[22m[39m[31
m[1m^[22m[39m[31
m[1m^[22m[39m[31
m[1m^[22m[39m[31
m[1m^[22m[39m[31
m[1m^[22m[39m[31
m[1m^[22m[39m[31
m[1m^[22m[39m[31
m[1m^[22m[39m[31
m[1m^[22m[39m[31
m[1m^[22m[39m[31
m[1m^[22m[39m[31
m[1m^[22m[39m[31
m[1m^[22m[39m[31
m[1m^[22m[39m[31
m[1m^[22m[39m[31
m[1m^[22m[39m[31
m[1m^[22m[39m[31
m[1m^[22m[39m[31
m[1m^[22m[39m[31
m[1m^[22m[39m[31
m[1m^[22m[39m[31
m[1m^[22m[39m[31
m[1m^[22m[39m[31
m[1m^[22m[39m[31
m[1m^[22m[39m[31
m[1m^[22m[39m[31
m[1m^[22m[39m[31
m[1m^[22m[39m[31
m[1m^[22m[39m[31
m[1m^[22m[39m[31
m[1m^[22m[39m[31
m[1m^[22m[39m[31
m[1m^[22m[39m[31
m[1m^[22m[39m[31
m[1m^[22m[39m[31
m[1m^[22m[39m[31
m[1m^[22m[39m[31
m[1m^[22m[39m[31
m[1m^[22m[39m[31
m[1m^[22m[39m[31
m[1m^[22m[39m[31
m[1m^[22m[39m[31
m[1m^[22m[39m[31
m[1m^[22m[39m[31
m[1m^[22m[39m[31
m[1m^[22m[39m
 [90m 3 |[39m
 [90m 4 |[39m 
[36mexport[39m 
[36masync[39m 
[36mfunction[39m m
iddleware(request[3
3m:[39m [33mNextRe
quest[39m) {
 [90m 5 |[39m     
[36mreturn[39m 
[36mawait[39m upda
teSession(request)[
0m

Import map: aliased 
to relative './src/u
tils/supabase/middle
ware' inside of 
[project]/


https://nextjs.org/d
ocs/messages/module-
not-found


    at <unknown> (./
src/app/layout.tsx:1
5:1)
    at <unknown> (ht
tps://nextjs.org/doc
s/messages/module-no
t-found)
    at <unknown> (./
src/app/page.tsx:3:1
)
    at <unknown> (ht
tps://nextjs.org/doc
s/messages/module-no
t-found)
    at <unknown> (./
src/app/login/page.t
sx:5:1)
    at <unknown> (ht
tps://nextjs.org/doc
s/messages/module-no
t-found)
    at <unknown> (./
src/middleware.ts:2:
1)
    at <unknown> (ht
tps://nextjs.org/doc
s/messages/module-no
t-found)
